// Jest Snapshot v1, https://goo.gl/fbAQLP

exports[`Pruebas en <GifExpertApp /> debemos mostrar <GifExpertApp /> correctamente 1`] = `
<Fragment>
  <h2>
    GifExpertApp
  </h2>
  <AddCategory
    setCategories={[Function]}
  />
  <hr />
</Fragment>
`;

exports[`Pruebas en <GifExpertApp /> debemos mostrar una lista de categor√≠as 1`] = `
<Fragment>
  <h2>
    GifExpertApp
  </h2>
  <AddCategory
    setCategories={[Function]}
  />
  <hr />
  <GifGrid
    category="One Punch"
    key="One Punch"
  />
  <GifGrid
    category="Dragon Ball"
    key="Dragon Ball"
  />
</Fragment>
`;
